  Display.cpp
  BaseMaterial.cpp
  Application.cpp
  Camera.cpp
  EffectGL.cpp
  EngineGL.cpp
  Frame.cpp
  FrameBufferObject.cpp
  GeometricModel.cpp
  AssimpLoader.cpp
  OBJLoader.cpp
  GLProgram.cpp
  GLProgramPipeline.cpp
  Main.cpp
  MaterialGL.cpp
  ModelGL.cpp
  Node.cpp
  Scene.cpp
  Texture2D.cpp
  image_DXT.cpp
  Génération de code en cours...
  Compilation en cours...
  imgui.cpp
  imgui_demo.cpp
  imgui_draw.cpp
  imgui_impl_glfw_gl3.cpp
  ImGUILogger.cpp
  Génération de code en cours...
  glad.c
  IMN401-Application.vcxproj -> C:\Bureau\IMN410-TP2\TP2-ProjetDépart\IMN401-Application\x64\Debug\IMN401-Application.exe
